// Jest Snapshot v1, https://goo.gl/fbAQLP

exports[`App should render properly 1`] = `
<div>
  <div
    class="App"
  >
    <button>
      Get Products
    </button>
  </div>
</div>
`;
